
> @example/basics@0.0.1 build
> astro build

[2m22:14:39[22m [34m[@astrojs/cloudflare][39m Enabling image processing with Cloudflare Images for production with the "IMAGES" Images binding.
[2m22:14:39[22m [34m[@astrojs/cloudflare][39m Enabling sessions with Cloudflare KV with the "SESSION" KV binding.
[2m22:14:40[22m [34m[vite][39m WARNING: Tried to access method or property 'getFetchedModuleId' on a Service Binding or Durable Object stub. Are you trying to use RPC? If so, please enable the 'rpc' compat flag or update your compat date to 2024-04-03 or later (see https://developers.cloudflare.com/workers/configuration/compatibility-dates/ ). If you are not trying to use RPC, please note that in the future, this property (and all other property names) will appear to be present as an RPC method.
this[#env].__VITE_RUNNER_OBJECT__.get(...).getFetchedModuleId is not a function
  [1mStack trace:[22m
[2m    at CustomModuleRunner.cachedModule (workers/runner-worker.js:1196:76)
    at getWorkerEntryExportTypes (workers/runner-worker.js:1349:54)
    at maybeCaptureError (workers/runner-worker.js:49:16)[22m
